// Jest Snapshot v1, https://goo.gl/fbAQLP

exports[`Es hora de las instaneas Siempre fallara la instantanea 1`] = `
Object {
  "createAt": 2020-10-02T14:43:52.291Z,
  "id": 14,
}
`;

exports[`Es hora de las instaneas Snapshot 1`] = `
Object {
  "gender": "Male",
  "id": 1,
  "name": "Rick Sanchez",
  "species": "Human",
  "status": "Alive",
}
`;

exports[`Es hora de las instaneas Tenemos una excepsion del codigo 1`] = `
Object {
  "id": Any<Number>,
  "name": "Oscar Barajas",
}
`;
